../Core/Src/NRF24L01.c:25:6:CS_Select	8	static
../Core/Src/NRF24L01.c:29:6:CS_UnSelect	8	static
../Core/Src/NRF24L01.c:34:6:CE_Enable	8	static
../Core/Src/NRF24L01.c:38:6:CE_Disable	8	static
../Core/Src/NRF24L01.c:43:6:nrf24_WriteReg	32	static
../Core/Src/NRF24L01.c:58:6:nrf24_WriteRegMulti	40	static
../Core/Src/NRF24L01.c:74:9:nrf24_ReadReg	32	static
../Core/Src/NRF24L01.c:88:6:nrf24_ReadRegMulti	32	static
../Core/Src/NRF24L01.c:101:6:nrfsendCmd	16	static
../Core/Src/NRF24L01.c:112:6:nrf24_reset	40	static
../Core/Src/NRF24L01.c:157:6:NRF24_Init	8	static
../Core/Src/NRF24L01.c:185:6:NRF24_TxMode	32	static
../Core/Src/NRF24L01.c:205:9:NRF24_Transmit	40	static
